(2, 4) -> (1, 4)
(2, 5) -> (0, 5)
(0, 5) -> (0, 6)
(0, 6) -> (1, 6)
(3, 3) -> (5, 3)
(5, 5) -> (6, 5)
(6, 5) -> (7, 5)
(7, 5) -> (7, 4)
(7, 4) -> (7, 2)
(7, 2) -> (7, 1)
(1, 6) -> (3, 6)
(3, 6) -> (4, 6)
(4, 6) -> (4, 7)
(2, 1) -> (3, 1)
(3, 1) -> (3, 0)
(3, 0) -> (1, 0)
(3, 2) -> (3, 1)
(3, 1) -> (3, 0)
(4, 4) -> (5, 4)
(7, 1) -> (7, 2)
(7, 2) -> (7, 4)
(4, 1) -> (6, 1)
(6, 1) -> (6, 2)
(6, 2) -> (7, 2)
(4, 7) -> (4, 6)
(5, 3) -> (5, 5)
(5, 5) -> (6, 5)
(6, 5) -> (6, 6)
